<?xml version="1.0" encoding="utf-8"?>
<TestRun id="fe1a38aa-b668-4998-b5e2-f0a384929aaf" name="kevin@BEAST-LAPTOP 2026-08-26 18:30:42" runUser="BEAST-LAPTOP\kevin" xmlns="http://microsoft.com/schemas/VisualStudio/TeamTest/2010">
  <Times creation="2026-08-26T18:30:42.0388844-04:00" queuing="2026-08-26T18:30:42.0388849-04:00" start="2026-08-26T18:30:41.0620736-04:00" finish="2026-08-26T18:30:42.0428264-04:00" />
  <TestSettings name="default" id="29dd60ee-9b41-45f5-9d0c-f3079fe73f1b">
    <Deployment runDeploymentRoot="kevin_BEAST-LAPTOP_2026-08-26_18_30_42" />
  </TestSettings>
  <Results>
    <UnitTestResult executionId="3d2e4ebb-ec9c-4a2f-9669-3645b3189938" testId="af144c9c-6be1-2135-57fa-597622bbb195" testName="InsertAndQueryAsync_SatisfiesCoreActivityRecordContract" computerName="BEAST-LAPTOP" duration="00:00:00.3473305" startTime="2026-08-26T18:30:41.5344309-04:00" endTime="2026-08-26T18:30:41.8960606-04:00" testType="13cdc9d9-ddb5-4fa4-a97d-d965ccfc6d4b" outcome="Passed" testListId="8c84fa94-04c1-424b-9868-57a2d4851a1d" relativeResultsDirectory="3d2e4ebb-ec9c-4a2f-9669-3645b3189938" />
  </Results>
  <TestDefinitions>
    <UnitTest name="InsertAndQueryAsync_SatisfiesCoreActivityRecordContract" storage="d:\nuviot\cs.cloudstorage\tests\lagovista.storageprovider.tests\bin\debug\net9.0\lagovista.storageprovider.tests.dll" id="af144c9c-6be1-2135-57fa-597622bbb195">
      <TestCategory>
        <TestCategoryItem TestCategory="CassandraActivityRecord" />
        <TestCategoryItem TestCategory="Cassandra" />
      </TestCategory>
      <Execution id="3d2e4ebb-ec9c-4a2f-9669-3645b3189938" />
      <TestMethod codeBase="D:\NuvIoT\cs.CloudStorage\tests\LagoVista.StorageProvider.Tests\bin\Debug\net9.0\LagoVista.StorageProvider.Tests.dll" adapterTypeName="executor://mstestadapter/v2" className="LagoVista.StorageProvider.Tests.Cassandra.CassandraActivityRecordStoreIntegrationTests" name="InsertAndQueryAsync_SatisfiesCoreActivityRecordContract" />
    </UnitTest>
  </TestDefinitions>
  <TestEntries>
    <TestEntry testId="af144c9c-6be1-2135-57fa-597622bbb195" executionId="3d2e4ebb-ec9c-4a2f-9669-3645b3189938" testListId="8c84fa94-04c1-424b-9868-57a2d4851a1d" />
  </TestEntries>
  <TestLists>
    <TestList name="Results Not in a List" id="8c84fa94-04c1-424b-9868-57a2d4851a1d" />
    <TestList name="All Loaded Results" id="19431567-8539-422a-85d7-44ee4e166bda" />
  </TestLists>
  <ResultSummary outcome="Completed">
    <Counters total="1" executed="1" passed="1" failed="0" error="0" timeout="0" aborted="0" inconclusive="0" passedButRunAborted="0" notRunnable="0" notExecuted="0" disconnected="0" warning="0" completed="0" inProgress="0" pending="0" />
    <Output>
      <StdOut>NUnit Adapter 5.1.0.0: Test execution started&#xD;
Running selected tests in D:\NuvIoT\cs.CloudStorage\tests\LagoVista.StorageProvider.Tests\bin\Debug\net9.0\LagoVista.StorageProvider.Tests.dll&#xD;
   NUnit3TestExecutor discovered 0 of 0 NUnit test cases using Current Discovery mode, Explicit run&#xD;
NUnit Adapter 5.1.0.0: Test execution complete&#xD;
</StdOut>
    </Output>
  </ResultSummary>
</TestRun>