<?xml version="1.0" encoding="utf-8"?>
<TestRun id="f27816e1-cab6-4520-89d8-0e246e042570" name="kevin@BEAST-LAPTOP 2026-08-27 14:34:44" runUser="BEAST-LAPTOP\kevin" xmlns="http://microsoft.com/schemas/VisualStudio/TeamTest/2010">
  <Times creation="2026-08-27T14:34:44.9635009-04:00" queuing="2026-08-27T14:34:44.9635013-04:00" start="2026-08-27T14:34:43.8045298-04:00" finish="2026-08-27T14:34:44.9700938-04:00" />
  <TestSettings name="default" id="0b4a3c52-9048-4e07-a969-0c13ebc1b0e5">
    <Deployment runDeploymentRoot="kevin_BEAST-LAPTOP_2026-08-27_14_34_44" />
  </TestSettings>
  <Results>
    <UnitTestResult executionId="49ec0641-4621-4b5b-aa47-7bf82ed20e48" testId="16ae62c4-dab0-82f8-264a-2e03e9a507b2" testName="RejectUpdates_FailsSafelyAndPreservesExistingObject" computerName="BEAST-LAPTOP" duration="00:00:00.0165112" startTime="2026-08-27T14:34:44.7195623-04:00" endTime="2026-08-27T14:34:44.7361816-04:00" testType="13cdc9d9-ddb5-4fa4-a97d-d965ccfc6d4b" outcome="Passed" testListId="8c84fa94-04c1-424b-9868-57a2d4851a1d" relativeResultsDirectory="49ec0641-4621-4b5b-aa47-7bf82ed20e48" />
    <UnitTestResult executionId="986f48b7-ed97-4b7b-903b-eb28494293e1" testId="4ce5a48f-2a85-36d6-7969-75557e017e45" testName="StringAddAndUpdate_RoundTripLatestContent" computerName="BEAST-LAPTOP" duration="00:00:00.0286423" startTime="2026-08-27T14:34:44.6682355-04:00" endTime="2026-08-27T14:34:44.6973989-04:00" testType="13cdc9d9-ddb5-4fa4-a97d-d965ccfc6d4b" outcome="Passed" testListId="8c84fa94-04c1-424b-9868-57a2d4851a1d" relativeResultsDirectory="986f48b7-ed97-4b7b-903b-eb28494293e1" />
    <UnitTestResult executionId="a75d3899-46f0-4905-b929-da7a2d6adeee" testId="d2cde188-5671-4dba-58bc-5d6166560ad8" testName="BinaryRoundTrip_AutoCreatesBucketAndDeletesObject" computerName="BEAST-LAPTOP" duration="00:00:00.2466144" startTime="2026-08-27T14:34:44.3955200-04:00" endTime="2026-08-27T14:34:44.6645050-04:00" testType="13cdc9d9-ddb5-4fa4-a97d-d965ccfc6d4b" outcome="Passed" testListId="8c84fa94-04c1-424b-9868-57a2d4851a1d" relativeResultsDirectory="a75d3899-46f0-4905-b929-da7a2d6adeee" />
    <UnitTestResult executionId="32c104ff-14f6-404b-9084-e3556a66f7bc" testId="c57e0fb5-b23c-f6b3-5b31-ecd398796abc" testName="CreateReadUrlAsync_RequiresExistingObject" computerName="BEAST-LAPTOP" duration="00:00:00.0149918" startTime="2026-08-27T14:34:44.7657400-04:00" endTime="2026-08-27T14:34:44.7814399-04:00" testType="13cdc9d9-ddb5-4fa4-a97d-d965ccfc6d4b" outcome="Passed" testListId="8c84fa94-04c1-424b-9868-57a2d4851a1d" relativeResultsDirectory="32c104ff-14f6-404b-9084-e3556a66f7bc" />
    <UnitTestResult executionId="04683d0f-fbe4-45d9-80f6-5df4ce77ea70" testId="d56263ce-c2ba-15ec-2a79-0b392656f1b7" testName="BoundContainerOverloads_RequireContainerName" computerName="BEAST-LAPTOP" duration="00:00:00.0015181" startTime="2026-08-27T14:34:44.7362494-04:00" endTime="2026-08-27T14:34:44.7383717-04:00" testType="13cdc9d9-ddb5-4fa4-a97d-d965ccfc6d4b" outcome="Passed" testListId="8c84fa94-04c1-424b-9868-57a2d4851a1d" relativeResultsDirectory="04683d0f-fbe4-45d9-80f6-5df4ce77ea70" />
    <UnitTestResult executionId="ad7aae62-3ddb-4232-862a-75abcf36bcbd" testId="8adcab95-4939-ca5d-7b14-641cdf9507f7" testName="CreateReadUrlAsync_ProducesWorkingUnauthenticatedSignedUrl" computerName="BEAST-LAPTOP" duration="00:00:00.0255429" startTime="2026-08-27T14:34:44.7384291-04:00" endTime="2026-08-27T14:34:44.7641660-04:00" testType="13cdc9d9-ddb5-4fa4-a97d-d965ccfc6d4b" outcome="Passed" testListId="8c84fa94-04c1-424b-9868-57a2d4851a1d" relativeResultsDirectory="ad7aae62-3ddb-4232-862a-75abcf36bcbd" />
    <UnitTestResult executionId="52bd6b1d-0187-4ad1-bdad-0b1c481137bf" testId="91fee172-6f88-fe2d-d5b7-cab5f5598a4b" testName="CreateReadUrlAsync_RejectsInvalidLifetimes" computerName="BEAST-LAPTOP" duration="00:00:00.0012433" startTime="2026-08-27T14:34:44.7642597-04:00" endTime="2026-08-27T14:34:44.7656786-04:00" testType="13cdc9d9-ddb5-4fa4-a97d-d965ccfc6d4b" outcome="Passed" testListId="8c84fa94-04c1-424b-9868-57a2d4851a1d" relativeResultsDirectory="52bd6b1d-0187-4ad1-bdad-0b1c481137bf" />
    <UnitTestResult executionId="f44504ce-7913-4df8-843b-9b1a0905b566" testId="abd7f1e7-826f-6677-20b1-0877214646ea" testName="BoundContainerOverloads_NormalizeLeadingSlashAndRoundTrip" computerName="BEAST-LAPTOP" duration="00:00:00.0217022" startTime="2026-08-27T14:34:44.6976824-04:00" endTime="2026-08-27T14:34:44.7194992-04:00" testType="13cdc9d9-ddb5-4fa4-a97d-d965ccfc6d4b" outcome="Passed" testListId="8c84fa94-04c1-424b-9868-57a2d4851a1d" relativeResultsDirectory="f44504ce-7913-4df8-843b-9b1a0905b566" />
  </Results>
  <TestDefinitions>
    <UnitTest name="BoundContainerOverloads_RequireContainerName" storage="d:\nuviot\cs.cloudstorage\tests\lagovista.storageprovider.tests\bin\debug\net9.0\lagovista.storageprovider.tests.dll" id="d56263ce-c2ba-15ec-2a79-0b392656f1b7">
      <TestCategory>
        <TestCategoryItem TestCategory="S3CloudFileStorage" />
      </TestCategory>
      <Execution id="04683d0f-fbe4-45d9-80f6-5df4ce77ea70" />
      <TestMethod codeBase="D:\NuvIoT\cs.CloudStorage\tests\LagoVista.StorageProvider.Tests\bin\Debug\net9.0\LagoVista.StorageProvider.Tests.dll" adapterTypeName="executor://mstestadapter/v2" className="LagoVista.StorageProvider.Tests.S3.S3CloudFileStorageClientIntegrationTests" name="BoundContainerOverloads_RequireContainerName" />
    </UnitTest>
    <UnitTest name="CreateReadUrlAsync_RejectsInvalidLifetimes" storage="d:\nuviot\cs.cloudstorage\tests\lagovista.storageprovider.tests\bin\debug\net9.0\lagovista.storageprovider.tests.dll" id="91fee172-6f88-fe2d-d5b7-cab5f5598a4b">
      <TestCategory>
        <TestCategoryItem TestCategory="S3CloudFileStorage" />
      </TestCategory>
      <Execution id="52bd6b1d-0187-4ad1-bdad-0b1c481137bf" />
      <TestMethod codeBase="D:\NuvIoT\cs.CloudStorage\tests\LagoVista.StorageProvider.Tests\bin\Debug\net9.0\LagoVista.StorageProvider.Tests.dll" adapterTypeName="executor://mstestadapter/v2" className="LagoVista.StorageProvider.Tests.S3.S3CloudFileStorageReadUrlIntegrationTests" name="CreateReadUrlAsync_RejectsInvalidLifetimes" />
    </UnitTest>
    <UnitTest name="CreateReadUrlAsync_RequiresExistingObject" storage="d:\nuviot\cs.cloudstorage\tests\lagovista.storageprovider.tests\bin\debug\net9.0\lagovista.storageprovider.tests.dll" id="c57e0fb5-b23c-f6b3-5b31-ecd398796abc">
      <TestCategory>
        <TestCategoryItem TestCategory="S3CloudFileStorage" />
      </TestCategory>
      <Execution id="32c104ff-14f6-404b-9084-e3556a66f7bc" />
      <TestMethod codeBase="D:\NuvIoT\cs.CloudStorage\tests\LagoVista.StorageProvider.Tests\bin\Debug\net9.0\LagoVista.StorageProvider.Tests.dll" adapterTypeName="executor://mstestadapter/v2" className="LagoVista.StorageProvider.Tests.S3.S3CloudFileStorageReadUrlIntegrationTests" name="CreateReadUrlAsync_RequiresExistingObject" />
    </UnitTest>
    <UnitTest name="CreateReadUrlAsync_ProducesWorkingUnauthenticatedSignedUrl" storage="d:\nuviot\cs.cloudstorage\tests\lagovista.storageprovider.tests\bin\debug\net9.0\lagovista.storageprovider.tests.dll" id="8adcab95-4939-ca5d-7b14-641cdf9507f7">
      <TestCategory>
        <TestCategoryItem TestCategory="S3CloudFileStorage" />
      </TestCategory>
      <Execution id="ad7aae62-3ddb-4232-862a-75abcf36bcbd" />
      <TestMethod codeBase="D:\NuvIoT\cs.CloudStorage\tests\LagoVista.StorageProvider.Tests\bin\Debug\net9.0\LagoVista.StorageProvider.Tests.dll" adapterTypeName="executor://mstestadapter/v2" className="LagoVista.StorageProvider.Tests.S3.S3CloudFileStorageReadUrlIntegrationTests" name="CreateReadUrlAsync_ProducesWorkingUnauthenticatedSignedUrl" />
    </UnitTest>
    <UnitTest name="BoundContainerOverloads_NormalizeLeadingSlashAndRoundTrip" storage="d:\nuviot\cs.cloudstorage\tests\lagovista.storageprovider.tests\bin\debug\net9.0\lagovista.storageprovider.tests.dll" id="abd7f1e7-826f-6677-20b1-0877214646ea">
      <TestCategory>
        <TestCategoryItem TestCategory="S3CloudFileStorage" />
      </TestCategory>
      <Execution id="f44504ce-7913-4df8-843b-9b1a0905b566" />
      <TestMethod codeBase="D:\NuvIoT\cs.CloudStorage\tests\LagoVista.StorageProvider.Tests\bin\Debug\net9.0\LagoVista.StorageProvider.Tests.dll" adapterTypeName="executor://mstestadapter/v2" className="LagoVista.StorageProvider.Tests.S3.S3CloudFileStorageClientIntegrationTests" name="BoundContainerOverloads_NormalizeLeadingSlashAndRoundTrip" />
    </UnitTest>
    <UnitTest name="RejectUpdates_FailsSafelyAndPreservesExistingObject" storage="d:\nuviot\cs.cloudstorage\tests\lagovista.storageprovider.tests\bin\debug\net9.0\lagovista.storageprovider.tests.dll" id="16ae62c4-dab0-82f8-264a-2e03e9a507b2">
      <TestCategory>
        <TestCategoryItem TestCategory="S3CloudFileStorage" />
      </TestCategory>
      <Execution id="49ec0641-4621-4b5b-aa47-7bf82ed20e48" />
      <TestMethod codeBase="D:\NuvIoT\cs.CloudStorage\tests\LagoVista.StorageProvider.Tests\bin\Debug\net9.0\LagoVista.StorageProvider.Tests.dll" adapterTypeName="executor://mstestadapter/v2" className="LagoVista.StorageProvider.Tests.S3.S3CloudFileStorageClientIntegrationTests" name="RejectUpdates_FailsSafelyAndPreservesExistingObject" />
    </UnitTest>
    <UnitTest name="BinaryRoundTrip_AutoCreatesBucketAndDeletesObject" storage="d:\nuviot\cs.cloudstorage\tests\lagovista.storageprovider.tests\bin\debug\net9.0\lagovista.storageprovider.tests.dll" id="d2cde188-5671-4dba-58bc-5d6166560ad8">
      <TestCategory>
        <TestCategoryItem TestCategory="S3CloudFileStorage" />
      </TestCategory>
      <Execution id="a75d3899-46f0-4905-b929-da7a2d6adeee" />
      <TestMethod codeBase="D:\NuvIoT\cs.CloudStorage\tests\LagoVista.StorageProvider.Tests\bin\Debug\net9.0\LagoVista.StorageProvider.Tests.dll" adapterTypeName="executor://mstestadapter/v2" className="LagoVista.StorageProvider.Tests.S3.S3CloudFileStorageClientIntegrationTests" name="BinaryRoundTrip_AutoCreatesBucketAndDeletesObject" />
    </UnitTest>
    <UnitTest name="StringAddAndUpdate_RoundTripLatestContent" storage="d:\nuviot\cs.cloudstorage\tests\lagovista.storageprovider.tests\bin\debug\net9.0\lagovista.storageprovider.tests.dll" id="4ce5a48f-2a85-36d6-7969-75557e017e45">
      <TestCategory>
        <TestCategoryItem TestCategory="S3CloudFileStorage" />
      </TestCategory>
      <Execution id="986f48b7-ed97-4b7b-903b-eb28494293e1" />
      <TestMethod codeBase="D:\NuvIoT\cs.CloudStorage\tests\LagoVista.StorageProvider.Tests\bin\Debug\net9.0\LagoVista.StorageProvider.Tests.dll" adapterTypeName="executor://mstestadapter/v2" className="LagoVista.StorageProvider.Tests.S3.S3CloudFileStorageClientIntegrationTests" name="StringAddAndUpdate_RoundTripLatestContent" />
    </UnitTest>
  </TestDefinitions>
  <TestEntries>
    <TestEntry testId="16ae62c4-dab0-82f8-264a-2e03e9a507b2" executionId="49ec0641-4621-4b5b-aa47-7bf82ed20e48" testListId="8c84fa94-04c1-424b-9868-57a2d4851a1d" />
    <TestEntry testId="4ce5a48f-2a85-36d6-7969-75557e017e45" executionId="986f48b7-ed97-4b7b-903b-eb28494293e1" testListId="8c84fa94-04c1-424b-9868-57a2d4851a1d" />
    <TestEntry testId="d2cde188-5671-4dba-58bc-5d6166560ad8" executionId="a75d3899-46f0-4905-b929-da7a2d6adeee" testListId="8c84fa94-04c1-424b-9868-57a2d4851a1d" />
    <TestEntry testId="c57e0fb5-b23c-f6b3-5b31-ecd398796abc" executionId="32c104ff-14f6-404b-9084-e3556a66f7bc" testListId="8c84fa94-04c1-424b-9868-57a2d4851a1d" />
    <TestEntry testId="d56263ce-c2ba-15ec-2a79-0b392656f1b7" executionId="04683d0f-fbe4-45d9-80f6-5df4ce77ea70" testListId="8c84fa94-04c1-424b-9868-57a2d4851a1d" />
    <TestEntry testId="8adcab95-4939-ca5d-7b14-641cdf9507f7" executionId="ad7aae62-3ddb-4232-862a-75abcf36bcbd" testListId="8c84fa94-04c1-424b-9868-57a2d4851a1d" />
    <TestEntry testId="91fee172-6f88-fe2d-d5b7-cab5f5598a4b" executionId="52bd6b1d-0187-4ad1-bdad-0b1c481137bf" testListId="8c84fa94-04c1-424b-9868-57a2d4851a1d" />
    <TestEntry testId="abd7f1e7-826f-6677-20b1-0877214646ea" executionId="f44504ce-7913-4df8-843b-9b1a0905b566" testListId="8c84fa94-04c1-424b-9868-57a2d4851a1d" />
  </TestEntries>
  <TestLists>
    <TestList name="Results Not in a List" id="8c84fa94-04c1-424b-9868-57a2d4851a1d" />
    <TestList name="All Loaded Results" id="19431567-8539-422a-85d7-44ee4e166bda" />
  </TestLists>
  <ResultSummary outcome="Completed">
    <Counters total="8" executed="8" passed="8" failed="0" error="0" timeout="0" aborted="0" inconclusive="0" passedButRunAborted="0" notRunnable="0" notExecuted="0" disconnected="0" warning="0" completed="0" inProgress="0" pending="0" />
    <Output>
      <StdOut>NUnit Adapter 5.1.0.0: Test execution started&#xD;
Running selected tests in D:\NuvIoT\cs.CloudStorage\tests\LagoVista.StorageProvider.Tests\bin\Debug\net9.0\LagoVista.StorageProvider.Tests.dll&#xD;
   NUnit3TestExecutor discovered 0 of 0 NUnit test cases using Current Discovery mode, Explicit run&#xD;
NUnit Adapter 5.1.0.0: Test execution complete&#xD;
</StdOut>
    </Output>
  </ResultSummary>
</TestRun>