<?xml version="1.0" encoding="utf-8"?>
<TestRun id="48429d67-232b-4d29-9f45-d32dff274d8d" name="kevin@BEAST-LAPTOP 2026-08-27 14:26:37" runUser="BEAST-LAPTOP\kevin" xmlns="http://microsoft.com/schemas/VisualStudio/TeamTest/2010">
  <Times creation="2026-08-27T14:26:37.6700505-04:00" queuing="2026-08-27T14:26:37.6700509-04:00" start="2026-08-27T14:26:35.6010182-04:00" finish="2026-08-27T14:26:41.8784131-04:00" />
  <TestSettings name="default" id="97617b23-d21c-4444-88ff-8a0c9e99a6d2">
    <Deployment runDeploymentRoot="kevin_BEAST-LAPTOP_2026-08-27_14_26_37" />
  </TestSettings>
  <Results>
    <UnitTestResult executionId="29f04b19-99ea-4a5a-9fb2-30cb009681b4" testId="59e9ff4a-f7c0-adf3-72d0-2ffe90caa869" testName="IndexedQueryAsync_UsesDeclaredSaiIndex" computerName="BEAST-LAPTOP" duration="00:00:00.2053079" startTime="2026-08-27T14:26:36.8510989-04:00" endTime="2026-08-27T14:26:37.0572150-04:00" testType="13cdc9d9-ddb5-4fa4-a97d-d965ccfc6d4b" outcome="Passed" testListId="8c84fa94-04c1-424b-9868-57a2d4851a1d" relativeResultsDirectory="29f04b19-99ea-4a5a-9fb2-30cb009681b4" />
    <UnitTestResult executionId="3a671bfd-c74a-496c-977b-fcc5449866e6" testId="12adea5e-bde7-5718-45f0-ffe53f4ab77e" testName="RetentionAsync_ExpiresOperationalRecords" computerName="BEAST-LAPTOP" duration="00:00:04.1945798" startTime="2026-08-27T14:26:37.0576753-04:00" endTime="2026-08-27T14:26:41.2525845-04:00" testType="13cdc9d9-ddb5-4fa4-a97d-d965ccfc6d4b" outcome="Passed" testListId="8c84fa94-04c1-424b-9868-57a2d4851a1d" relativeResultsDirectory="3a671bfd-c74a-496c-977b-fcc5449866e6" />
    <UnitTestResult executionId="454f76e5-992f-4e08-b4fc-09bc4f8dd6a7" testId="3a917d39-d038-3214-413b-2e82caca11bd" testName="CrudAndPagingAsync_SatisfiesCoreOperationalDataContract" computerName="BEAST-LAPTOP" duration="00:00:00.5121145" startTime="2026-08-27T14:26:36.3134120-04:00" endTime="2026-08-27T14:26:36.8471018-04:00" testType="13cdc9d9-ddb5-4fa4-a97d-d965ccfc6d4b" outcome="Passed" testListId="8c84fa94-04c1-424b-9868-57a2d4851a1d" relativeResultsDirectory="454f76e5-992f-4e08-b4fc-09bc4f8dd6a7" />
    <UnitTestResult executionId="b8eb8512-1ea1-435a-89f7-438adf93ac3d" testId="86c7b7ca-b763-cebf-5056-42ba7d529dec" testName="ScalarTypesAsync_RoundTripEverySupportedCassandraPropertyType" computerName="BEAST-LAPTOP" duration="00:00:00.5030009" startTime="2026-08-27T14:26:41.2537465-04:00" endTime="2026-08-27T14:26:41.7581836-04:00" testType="13cdc9d9-ddb5-4fa4-a97d-d965ccfc6d4b" outcome="Passed" testListId="8c84fa94-04c1-424b-9868-57a2d4851a1d" relativeResultsDirectory="b8eb8512-1ea1-435a-89f7-438adf93ac3d" />
  </Results>
  <TestDefinitions>
    <UnitTest name="IndexedQueryAsync_UsesDeclaredSaiIndex" storage="d:\nuviot\cs.cloudstorage\tests\lagovista.storageprovider.tests\bin\debug\net9.0\lagovista.storageprovider.tests.dll" id="59e9ff4a-f7c0-adf3-72d0-2ffe90caa869">
      <TestCategory>
        <TestCategoryItem TestCategory="CassandraOperationalData" />
        <TestCategoryItem TestCategory="Cassandra" />
      </TestCategory>
      <Execution id="29f04b19-99ea-4a5a-9fb2-30cb009681b4" />
      <TestMethod codeBase="D:\NuvIoT\cs.CloudStorage\tests\LagoVista.StorageProvider.Tests\bin\Debug\net9.0\LagoVista.StorageProvider.Tests.dll" adapterTypeName="executor://mstestadapter/v2" className="LagoVista.StorageProvider.Tests.Cassandra.CassandraOperationalDataStoreIntegrationTests" name="IndexedQueryAsync_UsesDeclaredSaiIndex" />
    </UnitTest>
    <UnitTest name="CrudAndPagingAsync_SatisfiesCoreOperationalDataContract" storage="d:\nuviot\cs.cloudstorage\tests\lagovista.storageprovider.tests\bin\debug\net9.0\lagovista.storageprovider.tests.dll" id="3a917d39-d038-3214-413b-2e82caca11bd">
      <TestCategory>
        <TestCategoryItem TestCategory="CassandraOperationalData" />
        <TestCategoryItem TestCategory="Cassandra" />
      </TestCategory>
      <Execution id="454f76e5-992f-4e08-b4fc-09bc4f8dd6a7" />
      <TestMethod codeBase="D:\NuvIoT\cs.CloudStorage\tests\LagoVista.StorageProvider.Tests\bin\Debug\net9.0\LagoVista.StorageProvider.Tests.dll" adapterTypeName="executor://mstestadapter/v2" className="LagoVista.StorageProvider.Tests.Cassandra.CassandraOperationalDataStoreIntegrationTests" name="CrudAndPagingAsync_SatisfiesCoreOperationalDataContract" />
    </UnitTest>
    <UnitTest name="RetentionAsync_ExpiresOperationalRecords" storage="d:\nuviot\cs.cloudstorage\tests\lagovista.storageprovider.tests\bin\debug\net9.0\lagovista.storageprovider.tests.dll" id="12adea5e-bde7-5718-45f0-ffe53f4ab77e">
      <TestCategory>
        <TestCategoryItem TestCategory="CassandraOperationalData" />
        <TestCategoryItem TestCategory="Cassandra" />
      </TestCategory>
      <Execution id="3a671bfd-c74a-496c-977b-fcc5449866e6" />
      <TestMethod codeBase="D:\NuvIoT\cs.CloudStorage\tests\LagoVista.StorageProvider.Tests\bin\Debug\net9.0\LagoVista.StorageProvider.Tests.dll" adapterTypeName="executor://mstestadapter/v2" className="LagoVista.StorageProvider.Tests.Cassandra.CassandraOperationalDataStoreIntegrationTests" name="RetentionAsync_ExpiresOperationalRecords" />
    </UnitTest>
    <UnitTest name="ScalarTypesAsync_RoundTripEverySupportedCassandraPropertyType" storage="d:\nuviot\cs.cloudstorage\tests\lagovista.storageprovider.tests\bin\debug\net9.0\lagovista.storageprovider.tests.dll" id="86c7b7ca-b763-cebf-5056-42ba7d529dec">
      <TestCategory>
        <TestCategoryItem TestCategory="CassandraOperationalData" />
        <TestCategoryItem TestCategory="Cassandra" />
      </TestCategory>
      <Execution id="b8eb8512-1ea1-435a-89f7-438adf93ac3d" />
      <TestMethod codeBase="D:\NuvIoT\cs.CloudStorage\tests\LagoVista.StorageProvider.Tests\bin\Debug\net9.0\LagoVista.StorageProvider.Tests.dll" adapterTypeName="executor://mstestadapter/v2" className="LagoVista.StorageProvider.Tests.Cassandra.CassandraOperationalDataStoreIntegrationTests" name="ScalarTypesAsync_RoundTripEverySupportedCassandraPropertyType" />
    </UnitTest>
  </TestDefinitions>
  <TestEntries>
    <TestEntry testId="59e9ff4a-f7c0-adf3-72d0-2ffe90caa869" executionId="29f04b19-99ea-4a5a-9fb2-30cb009681b4" testListId="8c84fa94-04c1-424b-9868-57a2d4851a1d" />
    <TestEntry testId="12adea5e-bde7-5718-45f0-ffe53f4ab77e" executionId="3a671bfd-c74a-496c-977b-fcc5449866e6" testListId="8c84fa94-04c1-424b-9868-57a2d4851a1d" />
    <TestEntry testId="3a917d39-d038-3214-413b-2e82caca11bd" executionId="454f76e5-992f-4e08-b4fc-09bc4f8dd6a7" testListId="8c84fa94-04c1-424b-9868-57a2d4851a1d" />
    <TestEntry testId="86c7b7ca-b763-cebf-5056-42ba7d529dec" executionId="b8eb8512-1ea1-435a-89f7-438adf93ac3d" testListId="8c84fa94-04c1-424b-9868-57a2d4851a1d" />
  </TestEntries>
  <TestLists>
    <TestList name="Results Not in a List" id="8c84fa94-04c1-424b-9868-57a2d4851a1d" />
    <TestList name="All Loaded Results" id="19431567-8539-422a-85d7-44ee4e166bda" />
  </TestLists>
  <ResultSummary outcome="Completed">
    <Counters total="4" executed="4" passed="4" failed="0" error="0" timeout="0" aborted="0" inconclusive="0" passedButRunAborted="0" notRunnable="0" notExecuted="0" disconnected="0" warning="0" completed="0" inProgress="0" pending="0" />
    <Output>
      <StdOut>NUnit Adapter 5.1.0.0: Test execution started&#xD;
Running selected tests in D:\NuvIoT\cs.CloudStorage\tests\LagoVista.StorageProvider.Tests\bin\Debug\net9.0\LagoVista.StorageProvider.Tests.dll&#xD;
   NUnit3TestExecutor discovered 0 of 0 NUnit test cases using Current Discovery mode, Explicit run&#xD;
NUnit Adapter 5.1.0.0: Test execution complete&#xD;
</StdOut>
    </Output>
  </ResultSummary>
</TestRun>