<?xml version="1.0" encoding="utf-8"?>
<TestRun id="69f77cd7-bcb2-403c-918b-dd75e69e9259" name="kevin@BEAST-LAPTOP 2026-08-26 20:52:35" runUser="BEAST-LAPTOP\kevin" xmlns="http://microsoft.com/schemas/VisualStudio/TeamTest/2010">
  <Times creation="2026-08-26T20:52:35.4014439-04:00" queuing="2026-08-26T20:52:35.4014444-04:00" start="2026-08-26T20:52:33.4290269-04:00" finish="2026-08-26T20:52:36.7603667-04:00" />
  <TestSettings name="default" id="8f287f89-8aaf-41c7-bd46-ef664dba2248">
    <Deployment runDeploymentRoot="kevin_BEAST-LAPTOP_2026-08-26_20_52_35" />
  </TestSettings>
  <Results>
    <UnitTestResult executionId="d9c15714-3fe7-4963-bd2f-0c4e51dc976b" testId="314891c9-0e64-4f8b-7ad4-ff8b2e4b1495" testName="DatabaseIdentity_MatchesConfiguredDatabase" computerName="BEAST-LAPTOP" duration="00:00:00.4513341" startTime="2026-08-26T20:52:33.9836578-04:00" endTime="2026-08-26T20:52:34.4483941-04:00" testType="13cdc9d9-ddb5-4fa4-a97d-d965ccfc6d4b" outcome="Passed" testListId="8c84fa94-04c1-424b-9868-57a2d4851a1d" relativeResultsDirectory="d9c15714-3fe7-4963-bd2f-0c4e51dc976b" />
    <UnitTestResult executionId="1a0014ca-2459-44ff-901f-d4a16aee0e07" testId="7b1be78d-10f3-d34b-80e1-93e5498d5103" testName="CrudLifecycle_SatisfiesSharedContract" computerName="BEAST-LAPTOP" duration="00:00:00.3822724" startTime="2026-08-26T20:52:34.4518783-04:00" endTime="2026-08-26T20:52:34.8357244-04:00" testType="13cdc9d9-ddb5-4fa4-a97d-d965ccfc6d4b" outcome="Failed" testListId="8c84fa94-04c1-424b-9868-57a2d4851a1d" relativeResultsDirectory="1a0014ca-2459-44ff-901f-d4a16aee0e07">
      <Output>
        <ErrorInfo>
          <Message>Assert.IsNotNull failed. </Message>
          <StackTrace>   at LagoVista.StorageProvider.Tests.DocumentStorage.DocumentStorageClientContract.CrudLifecycleAsync(IDocumentStorageClient client, String partitionKey) in D:\NuvIoT\cs.CloudStorage\tests\LagoVista.StorageProvider.Tests\DocumentStorage\DocumentStorageClientContract.cs:line 57&#xD;
</StackTrace>
        </ErrorInfo>
      </Output>
    </UnitTestResult>
    <UnitTestResult executionId="be766707-7470-4f1e-b75d-0371451a399c" testId="0a650a74-c722-7420-25ae-cccf0cb99f2b" testName="QueryAndPaging_SatisfySharedContract" computerName="BEAST-LAPTOP" duration="00:00:00.2332566" startTime="2026-08-26T20:52:34.9694953-04:00" endTime="2026-08-26T20:52:35.2029017-04:00" testType="13cdc9d9-ddb5-4fa4-a97d-d965ccfc6d4b" outcome="Passed" testListId="8c84fa94-04c1-424b-9868-57a2d4851a1d" relativeResultsDirectory="be766707-7470-4f1e-b75d-0371451a399c" />
    <UnitTestResult executionId="4d2562b7-26b3-4c42-bfc8-b5bb40c24e22" testId="4267ca47-dd94-af51-60d9-11419299b467" testName="OwnedLookup_SatisfiesSharedContract" computerName="BEAST-LAPTOP" duration="00:00:00.1772051" startTime="2026-08-26T20:52:35.7586015-04:00" endTime="2026-08-26T20:52:35.9361099-04:00" testType="13cdc9d9-ddb5-4fa4-a97d-d965ccfc6d4b" outcome="Passed" testListId="8c84fa94-04c1-424b-9868-57a2d4851a1d" relativeResultsDirectory="4d2562b7-26b3-4c42-bfc8-b5bb40c24e22" />
    <UnitTestResult executionId="0cc05a53-04a5-4125-899c-a0967487bde6" testId="88e2db60-7cac-7775-158a-5d119af5802e" testName="KnownEntityQueries_SatisfySharedContract" computerName="BEAST-LAPTOP" duration="00:00:00.1527580" startTime="2026-08-26T20:52:36.0833261-04:00" endTime="2026-08-26T20:52:36.2362863-04:00" testType="13cdc9d9-ddb5-4fa4-a97d-d965ccfc6d4b" outcome="Passed" testListId="8c84fa94-04c1-424b-9868-57a2d4851a1d" relativeResultsDirectory="0cc05a53-04a5-4125-899c-a0967487bde6" />
    <UnitTestResult executionId="7fc41448-b387-47b0-b0b3-b57e0179643c" testId="44cbb03f-f174-37d7-503d-edac1785c50e" testName="NotFoundSemantics_SatisfySharedContract" computerName="BEAST-LAPTOP" duration="00:00:00.1330788" startTime="2026-08-26T20:52:34.8358619-04:00" endTime="2026-08-26T20:52:34.9691115-04:00" testType="13cdc9d9-ddb5-4fa4-a97d-d965ccfc6d4b" outcome="Passed" testListId="8c84fa94-04c1-424b-9868-57a2d4851a1d" relativeResultsDirectory="7fc41448-b387-47b0-b0b3-b57e0179643c" />
    <UnitTestResult executionId="eb1125c2-0a77-4dcb-99ae-fedf167b2d02" testId="d16035e1-5c9a-9107-a8be-43821ace8451" testName="Patch_SatisfiesSharedContract" computerName="BEAST-LAPTOP" duration="00:00:00.1938332" startTime="2026-08-26T20:52:35.3681194-04:00" endTime="2026-08-26T20:52:35.5621303-04:00" testType="13cdc9d9-ddb5-4fa4-a97d-d965ccfc6d4b" outcome="Passed" testListId="8c84fa94-04c1-424b-9868-57a2d4851a1d" relativeResultsDirectory="eb1125c2-0a77-4dcb-99ae-fedf167b2d02" />
    <UnitTestResult executionId="31c0ce40-78af-4d22-8e17-b0531f199831" testId="7fab10f2-a257-c6cc-dcfb-0924f27e7b58" testName="OptimisticConcurrency_SatisfiesSharedContract" computerName="BEAST-LAPTOP" duration="00:00:00.1648598" startTime="2026-08-26T20:52:35.2029875-04:00" endTime="2026-08-26T20:52:35.3680060-04:00" testType="13cdc9d9-ddb5-4fa4-a97d-d965ccfc6d4b" outcome="Passed" testListId="8c84fa94-04c1-424b-9868-57a2d4851a1d" relativeResultsDirectory="31c0ce40-78af-4d22-8e17-b0531f199831" />
    <UnitTestResult executionId="63deede1-6449-4fd2-bfdd-ef3114426347" testId="af00e701-c730-d8b0-7cbb-033293b3e89d" testName="SummaryQuery_SatisfiesSharedContract" computerName="BEAST-LAPTOP" duration="00:00:00.2031748" startTime="2026-08-26T20:52:36.2363762-04:00" endTime="2026-08-26T20:52:36.4397655-04:00" testType="13cdc9d9-ddb5-4fa4-a97d-d965ccfc6d4b" outcome="Passed" testListId="8c84fa94-04c1-424b-9868-57a2d4851a1d" relativeResultsDirectory="63deede1-6449-4fd2-bfdd-ef3114426347" />
    <UnitTestResult executionId="ffce0438-5790-47fd-8f07-b2a9154f1e94" testId="15373ee2-5d84-56d1-e7c0-0da99a75ce47" testName="RawDocumentAndPage_SatisfySharedContract" computerName="BEAST-LAPTOP" duration="00:00:00.1467393" startTime="2026-08-26T20:52:35.9362490-04:00" endTime="2026-08-26T20:52:36.0831930-04:00" testType="13cdc9d9-ddb5-4fa4-a97d-d965ccfc6d4b" outcome="Failed" testListId="8c84fa94-04c1-424b-9868-57a2d4851a1d" relativeResultsDirectory="ffce0438-5790-47fd-8f07-b2a9154f1e94">
      <Output>
        <ErrorInfo>
          <Message>Assert.AreEqual failed. Expected:&lt;1&gt;. Actual:&lt;2&gt;. </Message>
          <StackTrace>   at LagoVista.StorageProvider.Tests.DocumentStorage.DocumentStorageClientContract.RawDocumentAndPageAsync(IDocumentStorageClient client) in D:\NuvIoT\cs.CloudStorage\tests\LagoVista.StorageProvider.Tests\DocumentStorage\DocumentStorageClientContract.AdvancedReads.cs:line 86&#xD;
</StackTrace>
        </ErrorInfo>
      </Output>
    </UnitTestResult>
    <UnitTestResult executionId="c69021af-24f9-4fc3-acc6-37eef7fcd450" testId="48357063-55ae-f2c2-e3ed-1db4f5adb3a9" testName="QueryAll_SatisfiesSharedContract" computerName="BEAST-LAPTOP" duration="00:00:00.1956582" startTime="2026-08-26T20:52:36.4398805-04:00" endTime="2026-08-26T20:52:36.6369143-04:00" testType="13cdc9d9-ddb5-4fa4-a97d-d965ccfc6d4b" outcome="Passed" testListId="8c84fa94-04c1-424b-9868-57a2d4851a1d" relativeResultsDirectory="c69021af-24f9-4fc3-acc6-37eef7fcd450" />
    <UnitTestResult executionId="e28fec4d-10d8-471c-b0a3-26e7e2ef393f" testId="3b5b9e89-79f4-0f40-6ed2-d2862815b84f" testName="ProjectionAndKeyLookup_SatisfySharedContract" computerName="BEAST-LAPTOP" duration="00:00:00.1957891" startTime="2026-08-26T20:52:35.5622449-04:00" endTime="2026-08-26T20:52:35.7582956-04:00" testType="13cdc9d9-ddb5-4fa4-a97d-d965ccfc6d4b" outcome="Passed" testListId="8c84fa94-04c1-424b-9868-57a2d4851a1d" relativeResultsDirectory="e28fec4d-10d8-471c-b0a3-26e7e2ef393f" />
  </Results>
  <TestDefinitions>
    <UnitTest name="Patch_SatisfiesSharedContract" storage="d:\nuviot\cs.cloudstorage\tests\lagovista.storageprovider.tests\bin\debug\net9.0\lagovista.storageprovider.tests.dll" id="d16035e1-5c9a-9107-a8be-43821ace8451">
      <TestCategory>
        <TestCategoryItem TestCategory="CosmosDocumentStorageContract" />
        <TestCategoryItem TestCategory="Cosmos" />
      </TestCategory>
      <Execution id="eb1125c2-0a77-4dcb-99ae-fedf167b2d02" />
      <TestMethod codeBase="D:\NuvIoT\cs.CloudStorage\tests\LagoVista.StorageProvider.Tests\bin\Debug\net9.0\LagoVista.StorageProvider.Tests.dll" adapterTypeName="executor://mstestadapter/v2" className="LagoVista.StorageProvider.Tests.Cosmos.CosmosDocumentStorageClientContractTests" name="Patch_SatisfiesSharedContract" />
    </UnitTest>
    <UnitTest name="RawDocumentAndPage_SatisfySharedContract" storage="d:\nuviot\cs.cloudstorage\tests\lagovista.storageprovider.tests\bin\debug\net9.0\lagovista.storageprovider.tests.dll" id="15373ee2-5d84-56d1-e7c0-0da99a75ce47">
      <TestCategory>
        <TestCategoryItem TestCategory="CosmosDocumentStorageContract" />
        <TestCategoryItem TestCategory="Cosmos" />
      </TestCategory>
      <Execution id="ffce0438-5790-47fd-8f07-b2a9154f1e94" />
      <TestMethod codeBase="D:\NuvIoT\cs.CloudStorage\tests\LagoVista.StorageProvider.Tests\bin\Debug\net9.0\LagoVista.StorageProvider.Tests.dll" adapterTypeName="executor://mstestadapter/v2" className="LagoVista.StorageProvider.Tests.Cosmos.CosmosDocumentStorageClientContractTests" name="RawDocumentAndPage_SatisfySharedContract" />
    </UnitTest>
    <UnitTest name="KnownEntityQueries_SatisfySharedContract" storage="d:\nuviot\cs.cloudstorage\tests\lagovista.storageprovider.tests\bin\debug\net9.0\lagovista.storageprovider.tests.dll" id="88e2db60-7cac-7775-158a-5d119af5802e">
      <TestCategory>
        <TestCategoryItem TestCategory="CosmosDocumentStorageContract" />
        <TestCategoryItem TestCategory="Cosmos" />
      </TestCategory>
      <Execution id="0cc05a53-04a5-4125-899c-a0967487bde6" />
      <TestMethod codeBase="D:\NuvIoT\cs.CloudStorage\tests\LagoVista.StorageProvider.Tests\bin\Debug\net9.0\LagoVista.StorageProvider.Tests.dll" adapterTypeName="executor://mstestadapter/v2" className="LagoVista.StorageProvider.Tests.Cosmos.CosmosDocumentStorageClientContractTests" name="KnownEntityQueries_SatisfySharedContract" />
    </UnitTest>
    <UnitTest name="SummaryQuery_SatisfiesSharedContract" storage="d:\nuviot\cs.cloudstorage\tests\lagovista.storageprovider.tests\bin\debug\net9.0\lagovista.storageprovider.tests.dll" id="af00e701-c730-d8b0-7cbb-033293b3e89d">
      <TestCategory>
        <TestCategoryItem TestCategory="CosmosDocumentStorageContract" />
        <TestCategoryItem TestCategory="Cosmos" />
      </TestCategory>
      <Execution id="63deede1-6449-4fd2-bfdd-ef3114426347" />
      <TestMethod codeBase="D:\NuvIoT\cs.CloudStorage\tests\LagoVista.StorageProvider.Tests\bin\Debug\net9.0\LagoVista.StorageProvider.Tests.dll" adapterTypeName="executor://mstestadapter/v2" className="LagoVista.StorageProvider.Tests.Cosmos.CosmosDocumentStorageClientContractTests" name="SummaryQuery_SatisfiesSharedContract" />
    </UnitTest>
    <UnitTest name="NotFoundSemantics_SatisfySharedContract" storage="d:\nuviot\cs.cloudstorage\tests\lagovista.storageprovider.tests\bin\debug\net9.0\lagovista.storageprovider.tests.dll" id="44cbb03f-f174-37d7-503d-edac1785c50e">
      <TestCategory>
        <TestCategoryItem TestCategory="CosmosDocumentStorageContract" />
        <TestCategoryItem TestCategory="Cosmos" />
      </TestCategory>
      <Execution id="7fc41448-b387-47b0-b0b3-b57e0179643c" />
      <TestMethod codeBase="D:\NuvIoT\cs.CloudStorage\tests\LagoVista.StorageProvider.Tests\bin\Debug\net9.0\LagoVista.StorageProvider.Tests.dll" adapterTypeName="executor://mstestadapter/v2" className="LagoVista.StorageProvider.Tests.Cosmos.CosmosDocumentStorageClientContractTests" name="NotFoundSemantics_SatisfySharedContract" />
    </UnitTest>
    <UnitTest name="DatabaseIdentity_MatchesConfiguredDatabase" storage="d:\nuviot\cs.cloudstorage\tests\lagovista.storageprovider.tests\bin\debug\net9.0\lagovista.storageprovider.tests.dll" id="314891c9-0e64-4f8b-7ad4-ff8b2e4b1495">
      <TestCategory>
        <TestCategoryItem TestCategory="CosmosDocumentStorageContract" />
        <TestCategoryItem TestCategory="Cosmos" />
      </TestCategory>
      <Execution id="d9c15714-3fe7-4963-bd2f-0c4e51dc976b" />
      <TestMethod codeBase="D:\NuvIoT\cs.CloudStorage\tests\LagoVista.StorageProvider.Tests\bin\Debug\net9.0\LagoVista.StorageProvider.Tests.dll" adapterTypeName="executor://mstestadapter/v2" className="LagoVista.StorageProvider.Tests.Cosmos.CosmosDocumentStorageClientContractTests" name="DatabaseIdentity_MatchesConfiguredDatabase" />
    </UnitTest>
    <UnitTest name="OwnedLookup_SatisfiesSharedContract" storage="d:\nuviot\cs.cloudstorage\tests\lagovista.storageprovider.tests\bin\debug\net9.0\lagovista.storageprovider.tests.dll" id="4267ca47-dd94-af51-60d9-11419299b467">
      <TestCategory>
        <TestCategoryItem TestCategory="CosmosDocumentStorageContract" />
        <TestCategoryItem TestCategory="Cosmos" />
      </TestCategory>
      <Execution id="4d2562b7-26b3-4c42-bfc8-b5bb40c24e22" />
      <TestMethod codeBase="D:\NuvIoT\cs.CloudStorage\tests\LagoVista.StorageProvider.Tests\bin\Debug\net9.0\LagoVista.StorageProvider.Tests.dll" adapterTypeName="executor://mstestadapter/v2" className="LagoVista.StorageProvider.Tests.Cosmos.CosmosDocumentStorageClientContractTests" name="OwnedLookup_SatisfiesSharedContract" />
    </UnitTest>
    <UnitTest name="QueryAll_SatisfiesSharedContract" storage="d:\nuviot\cs.cloudstorage\tests\lagovista.storageprovider.tests\bin\debug\net9.0\lagovista.storageprovider.tests.dll" id="48357063-55ae-f2c2-e3ed-1db4f5adb3a9">
      <TestCategory>
        <TestCategoryItem TestCategory="CosmosDocumentStorageContract" />
        <TestCategoryItem TestCategory="Cosmos" />
      </TestCategory>
      <Execution id="c69021af-24f9-4fc3-acc6-37eef7fcd450" />
      <TestMethod codeBase="D:\NuvIoT\cs.CloudStorage\tests\LagoVista.StorageProvider.Tests\bin\Debug\net9.0\LagoVista.StorageProvider.Tests.dll" adapterTypeName="executor://mstestadapter/v2" className="LagoVista.StorageProvider.Tests.Cosmos.CosmosDocumentStorageClientContractTests" name="QueryAll_SatisfiesSharedContract" />
    </UnitTest>
    <UnitTest name="OptimisticConcurrency_SatisfiesSharedContract" storage="d:\nuviot\cs.cloudstorage\tests\lagovista.storageprovider.tests\bin\debug\net9.0\lagovista.storageprovider.tests.dll" id="7fab10f2-a257-c6cc-dcfb-0924f27e7b58">
      <TestCategory>
        <TestCategoryItem TestCategory="CosmosDocumentStorageContract" />
        <TestCategoryItem TestCategory="Cosmos" />
      </TestCategory>
      <Execution id="31c0ce40-78af-4d22-8e17-b0531f199831" />
      <TestMethod codeBase="D:\NuvIoT\cs.CloudStorage\tests\LagoVista.StorageProvider.Tests\bin\Debug\net9.0\LagoVista.StorageProvider.Tests.dll" adapterTypeName="executor://mstestadapter/v2" className="LagoVista.StorageProvider.Tests.Cosmos.CosmosDocumentStorageClientContractTests" name="OptimisticConcurrency_SatisfiesSharedContract" />
    </UnitTest>
    <UnitTest name="QueryAndPaging_SatisfySharedContract" storage="d:\nuviot\cs.cloudstorage\tests\lagovista.storageprovider.tests\bin\debug\net9.0\lagovista.storageprovider.tests.dll" id="0a650a74-c722-7420-25ae-cccf0cb99f2b">
      <TestCategory>
        <TestCategoryItem TestCategory="CosmosDocumentStorageContract" />
        <TestCategoryItem TestCategory="Cosmos" />
      </TestCategory>
      <Execution id="be766707-7470-4f1e-b75d-0371451a399c" />
      <TestMethod codeBase="D:\NuvIoT\cs.CloudStorage\tests\LagoVista.StorageProvider.Tests\bin\Debug\net9.0\LagoVista.StorageProvider.Tests.dll" adapterTypeName="executor://mstestadapter/v2" className="LagoVista.StorageProvider.Tests.Cosmos.CosmosDocumentStorageClientContractTests" name="QueryAndPaging_SatisfySharedContract" />
    </UnitTest>
    <UnitTest name="ProjectionAndKeyLookup_SatisfySharedContract" storage="d:\nuviot\cs.cloudstorage\tests\lagovista.storageprovider.tests\bin\debug\net9.0\lagovista.storageprovider.tests.dll" id="3b5b9e89-79f4-0f40-6ed2-d2862815b84f">
      <TestCategory>
        <TestCategoryItem TestCategory="CosmosDocumentStorageContract" />
        <TestCategoryItem TestCategory="Cosmos" />
      </TestCategory>
      <Execution id="e28fec4d-10d8-471c-b0a3-26e7e2ef393f" />
      <TestMethod codeBase="D:\NuvIoT\cs.CloudStorage\tests\LagoVista.StorageProvider.Tests\bin\Debug\net9.0\LagoVista.StorageProvider.Tests.dll" adapterTypeName="executor://mstestadapter/v2" className="LagoVista.StorageProvider.Tests.Cosmos.CosmosDocumentStorageClientContractTests" name="ProjectionAndKeyLookup_SatisfySharedContract" />
    </UnitTest>
    <UnitTest name="CrudLifecycle_SatisfiesSharedContract" storage="d:\nuviot\cs.cloudstorage\tests\lagovista.storageprovider.tests\bin\debug\net9.0\lagovista.storageprovider.tests.dll" id="7b1be78d-10f3-d34b-80e1-93e5498d5103">
      <TestCategory>
        <TestCategoryItem TestCategory="CosmosDocumentStorageContract" />
        <TestCategoryItem TestCategory="Cosmos" />
      </TestCategory>
      <Execution id="1a0014ca-2459-44ff-901f-d4a16aee0e07" />
      <TestMethod codeBase="D:\NuvIoT\cs.CloudStorage\tests\LagoVista.StorageProvider.Tests\bin\Debug\net9.0\LagoVista.StorageProvider.Tests.dll" adapterTypeName="executor://mstestadapter/v2" className="LagoVista.StorageProvider.Tests.Cosmos.CosmosDocumentStorageClientContractTests" name="CrudLifecycle_SatisfiesSharedContract" />
    </UnitTest>
  </TestDefinitions>
  <TestEntries>
    <TestEntry testId="314891c9-0e64-4f8b-7ad4-ff8b2e4b1495" executionId="d9c15714-3fe7-4963-bd2f-0c4e51dc976b" testListId="8c84fa94-04c1-424b-9868-57a2d4851a1d" />
    <TestEntry testId="7b1be78d-10f3-d34b-80e1-93e5498d5103" executionId="1a0014ca-2459-44ff-901f-d4a16aee0e07" testListId="8c84fa94-04c1-424b-9868-57a2d4851a1d" />
    <TestEntry testId="0a650a74-c722-7420-25ae-cccf0cb99f2b" executionId="be766707-7470-4f1e-b75d-0371451a399c" testListId="8c84fa94-04c1-424b-9868-57a2d4851a1d" />
    <TestEntry testId="4267ca47-dd94-af51-60d9-11419299b467" executionId="4d2562b7-26b3-4c42-bfc8-b5bb40c24e22" testListId="8c84fa94-04c1-424b-9868-57a2d4851a1d" />
    <TestEntry testId="88e2db60-7cac-7775-158a-5d119af5802e" executionId="0cc05a53-04a5-4125-899c-a0967487bde6" testListId="8c84fa94-04c1-424b-9868-57a2d4851a1d" />
    <TestEntry testId="44cbb03f-f174-37d7-503d-edac1785c50e" executionId="7fc41448-b387-47b0-b0b3-b57e0179643c" testListId="8c84fa94-04c1-424b-9868-57a2d4851a1d" />
    <TestEntry testId="d16035e1-5c9a-9107-a8be-43821ace8451" executionId="eb1125c2-0a77-4dcb-99ae-fedf167b2d02" testListId="8c84fa94-04c1-424b-9868-57a2d4851a1d" />
    <TestEntry testId="7fab10f2-a257-c6cc-dcfb-0924f27e7b58" executionId="31c0ce40-78af-4d22-8e17-b0531f199831" testListId="8c84fa94-04c1-424b-9868-57a2d4851a1d" />
    <TestEntry testId="af00e701-c730-d8b0-7cbb-033293b3e89d" executionId="63deede1-6449-4fd2-bfdd-ef3114426347" testListId="8c84fa94-04c1-424b-9868-57a2d4851a1d" />
    <TestEntry testId="15373ee2-5d84-56d1-e7c0-0da99a75ce47" executionId="ffce0438-5790-47fd-8f07-b2a9154f1e94" testListId="8c84fa94-04c1-424b-9868-57a2d4851a1d" />
    <TestEntry testId="48357063-55ae-f2c2-e3ed-1db4f5adb3a9" executionId="c69021af-24f9-4fc3-acc6-37eef7fcd450" testListId="8c84fa94-04c1-424b-9868-57a2d4851a1d" />
    <TestEntry testId="3b5b9e89-79f4-0f40-6ed2-d2862815b84f" executionId="e28fec4d-10d8-471c-b0a3-26e7e2ef393f" testListId="8c84fa94-04c1-424b-9868-57a2d4851a1d" />
  </TestEntries>
  <TestLists>
    <TestList name="Results Not in a List" id="8c84fa94-04c1-424b-9868-57a2d4851a1d" />
    <TestList name="All Loaded Results" id="19431567-8539-422a-85d7-44ee4e166bda" />
  </TestLists>
  <ResultSummary outcome="Failed">
    <Counters total="12" executed="12" passed="10" failed="2" error="0" timeout="0" aborted="0" inconclusive="0" passedButRunAborted="0" notRunnable="0" notExecuted="0" disconnected="0" warning="0" completed="0" inProgress="0" pending="0" />
    <Output>
      <StdOut>NUnit Adapter 5.1.0.0: Test execution started&#xD;
Running selected tests in D:\NuvIoT\cs.CloudStorage\tests\LagoVista.StorageProvider.Tests\bin\Debug\net9.0\LagoVista.StorageProvider.Tests.dll&#xD;
   NUnit3TestExecutor discovered 0 of 0 NUnit test cases using Current Discovery mode, Explicit run&#xD;
NUnit Adapter 5.1.0.0: Test execution complete&#xD;
</StdOut>
    </Output>
  </ResultSummary>
</TestRun>