<?xml version="1.0" encoding="utf-8"?>
<TestRun id="ddda307e-05f7-494e-9a7e-0a5892e72803" name="kevin@BEAST-LAPTOP 2026-08-26 20:39:23" runUser="BEAST-LAPTOP\kevin" xmlns="http://microsoft.com/schemas/VisualStudio/TeamTest/2010">
  <Times creation="2026-08-26T20:39:23.7921476-04:00" queuing="2026-08-26T20:39:23.7921481-04:00" start="2026-08-26T20:39:21.8746121-04:00" finish="2026-08-26T20:39:25.1219652-04:00" />
  <TestSettings name="default" id="fa798ce5-2dc8-4211-9583-c3c8f2362ff9">
    <Deployment runDeploymentRoot="kevin_BEAST-LAPTOP_2026-08-26_20_39_23" />
  </TestSettings>
  <Results>
    <UnitTestResult executionId="b4a4b420-2df8-4e33-9b10-4a237f901187" testId="af00e701-c730-d8b0-7cbb-033293b3e89d" testName="SummaryQuery_SatisfiesSharedContract" computerName="BEAST-LAPTOP" duration="00:00:00.2023794" startTime="2026-08-26T20:39:24.5976113-04:00" endTime="2026-08-26T20:39:24.8001780-04:00" testType="13cdc9d9-ddb5-4fa4-a97d-d965ccfc6d4b" outcome="Passed" testListId="8c84fa94-04c1-424b-9868-57a2d4851a1d" relativeResultsDirectory="b4a4b420-2df8-4e33-9b10-4a237f901187" />
    <UnitTestResult executionId="398150c7-b218-4fbb-ae40-14561150e8fb" testId="3b5b9e89-79f4-0f40-6ed2-d2862815b84f" testName="ProjectionAndKeyLookup_SatisfySharedContract" computerName="BEAST-LAPTOP" duration="00:00:00.2758363" startTime="2026-08-26T20:39:23.9146939-04:00" endTime="2026-08-26T20:39:24.1908099-04:00" testType="13cdc9d9-ddb5-4fa4-a97d-d965ccfc6d4b" outcome="Failed" testListId="8c84fa94-04c1-424b-9868-57a2d4851a1d" relativeResultsDirectory="398150c7-b218-4fbb-ae40-14561150e8fb">
      <Output>
        <ErrorInfo>
          <Message>Test method LagoVista.StorageProvider.Tests.Cosmos.CosmosDocumentStorageClientContractTests.ProjectionAndKeyLookup_SatisfySharedContract threw exception: &#xD;
Microsoft.Azure.Cosmos.CosmosException: Response status code does not indicate success: NotFound (404); Substatus: 0; ActivityId: 1f00badf-b388-055b-f4d1-0378acc8ad0a; Reason: (Collection 'Entities' not found in database 'cosmos_contract_45d4d0b8de014b35871067533c988ba1'&#xD;
ActivityId: 1f00badf-b388-055b-f4d1-0378acc8ad0a, Microsoft.Azure.Cosmos.Tracing.TraceData.ClientSideRequestStatisticsTraceDatum, Windows/10.0.26200 cosmos-netstandard-sdk/3.41.0);</Message>
          <StackTrace>   at Microsoft.Azure.Cosmos.Common.AsyncCache`2.GetAsync(TKey key, TValue obsoleteValue, Func`1 singleValueInitFunc, CancellationToken cancellationToken, Boolean forceRefresh)&#xD;
   at Microsoft.Azure.Cosmos.Common.CollectionCache.ResolveByNameAsync(String apiVersion, String resourceAddress, Boolean forceRefesh, ITrace trace, IClientSideRequestStatistics clientSideRequestStatistics, CancellationToken cancellationToken)&#xD;
   at Microsoft.Azure.Cosmos.ClientContextCore.GetCachedContainerPropertiesAsync(String containerUri, ITrace trace, CancellationToken cancellationToken)&#xD;
</StackTrace>
        </ErrorInfo>
      </Output>
    </UnitTestResult>
    <UnitTestResult executionId="b7e22730-237f-4396-a99e-7296009bc9ef" testId="d16035e1-5c9a-9107-a8be-43821ace8451" testName="Patch_SatisfiesSharedContract" computerName="BEAST-LAPTOP" duration="00:00:00.1420770" startTime="2026-08-26T20:39:23.7721578-04:00" endTime="2026-08-26T20:39:23.9144783-04:00" testType="13cdc9d9-ddb5-4fa4-a97d-d965ccfc6d4b" outcome="Failed" testListId="8c84fa94-04c1-424b-9868-57a2d4851a1d" relativeResultsDirectory="b7e22730-237f-4396-a99e-7296009bc9ef">
      <Output>
        <ErrorInfo>
          <Message>Test method LagoVista.StorageProvider.Tests.Cosmos.CosmosDocumentStorageClientContractTests.Patch_SatisfiesSharedContract threw exception: &#xD;
LagoVista.Core.Exceptions.RecordNotFoundException: Record Of Type: ContractDocumentEntity With Id: 42105A8834404D3986EA701DF2CEB188 Not Found</Message>
          <StackTrace>   at LagoVista.CloudStorage.StorageProviders.CosmosDocumentStorageClient.PatchDocumentAsync[TEntity](PatchRequest request) in D:\NuvIoT\cs.CloudStorage\src\LagoVista.CloudStorage\Storage\StorageProviders\CosmosDB\CosmosDocumentStorageClient.cs:line 280&#xD;
   at LagoVista.StorageProvider.Tests.DocumentStorage.DocumentStorageClientContract.PatchAsync(IDocumentStorageClient client) in D:\NuvIoT\cs.CloudStorage\tests\LagoVista.StorageProvider.Tests\DocumentStorage\DocumentStorageClientContract.cs:line 151&#xD;
</StackTrace>
        </ErrorInfo>
      </Output>
    </UnitTestResult>
    <UnitTestResult executionId="78c7a612-d7c0-49d8-b544-3b79072a639b" testId="0a650a74-c722-7420-25ae-cccf0cb99f2b" testName="QueryAndPaging_SatisfySharedContract" computerName="BEAST-LAPTOP" duration="00:00:00.1983765" startTime="2026-08-26T20:39:23.4131681-04:00" endTime="2026-08-26T20:39:23.6116742-04:00" testType="13cdc9d9-ddb5-4fa4-a97d-d965ccfc6d4b" outcome="Passed" testListId="8c84fa94-04c1-424b-9868-57a2d4851a1d" relativeResultsDirectory="78c7a612-d7c0-49d8-b544-3b79072a639b" />
    <UnitTestResult executionId="f60df98d-b8ff-417f-a49d-0b64c748fc9c" testId="7b1be78d-10f3-d34b-80e1-93e5498d5103" testName="CrudLifecycle_SatisfiesSharedContract" computerName="BEAST-LAPTOP" duration="00:00:00.2546292" startTime="2026-08-26T20:39:22.8608112-04:00" endTime="2026-08-26T20:39:23.1172824-04:00" testType="13cdc9d9-ddb5-4fa4-a97d-d965ccfc6d4b" outcome="Failed" testListId="8c84fa94-04c1-424b-9868-57a2d4851a1d" relativeResultsDirectory="f60df98d-b8ff-417f-a49d-0b64c748fc9c">
      <Output>
        <ErrorInfo>
          <Message>Assert.IsFalse failed. </Message>
          <StackTrace>   at LagoVista.StorageProvider.Tests.DocumentStorage.DocumentStorageClientContract.CrudLifecycleAsync(IDocumentStorageClient client, String partitionKey) in D:\NuvIoT\cs.CloudStorage\tests\LagoVista.StorageProvider.Tests\DocumentStorage\DocumentStorageClientContract.cs:line 31&#xD;
</StackTrace>
        </ErrorInfo>
      </Output>
    </UnitTestResult>
    <UnitTestResult executionId="66ea097d-5e59-47cb-972d-c20121610db3" testId="44cbb03f-f174-37d7-503d-edac1785c50e" testName="NotFoundSemantics_SatisfySharedContract" computerName="BEAST-LAPTOP" duration="00:00:00.2950863" startTime="2026-08-26T20:39:23.1174667-04:00" endTime="2026-08-26T20:39:23.4127178-04:00" testType="13cdc9d9-ddb5-4fa4-a97d-d965ccfc6d4b" outcome="Passed" testListId="8c84fa94-04c1-424b-9868-57a2d4851a1d" relativeResultsDirectory="66ea097d-5e59-47cb-972d-c20121610db3" />
    <UnitTestResult executionId="421f6596-1681-49b3-8b82-666379745aa9" testId="48357063-55ae-f2c2-e3ed-1db4f5adb3a9" testName="QueryAll_SatisfiesSharedContract" computerName="BEAST-LAPTOP" duration="00:00:00.1860777" startTime="2026-08-26T20:39:24.8002766-04:00" endTime="2026-08-26T20:39:24.9882589-04:00" testType="13cdc9d9-ddb5-4fa4-a97d-d965ccfc6d4b" outcome="Passed" testListId="8c84fa94-04c1-424b-9868-57a2d4851a1d" relativeResultsDirectory="421f6596-1681-49b3-8b82-666379745aa9" />
    <UnitTestResult executionId="b68a3658-2c7c-4451-82cc-7c7b56c14324" testId="4267ca47-dd94-af51-60d9-11419299b467" testName="OwnedLookup_SatisfiesSharedContract" computerName="BEAST-LAPTOP" duration="00:00:00.1212884" startTime="2026-08-26T20:39:24.1909133-04:00" endTime="2026-08-26T20:39:24.3123940-04:00" testType="13cdc9d9-ddb5-4fa4-a97d-d965ccfc6d4b" outcome="Failed" testListId="8c84fa94-04c1-424b-9868-57a2d4851a1d" relativeResultsDirectory="b68a3658-2c7c-4451-82cc-7c7b56c14324">
      <Output>
        <ErrorInfo>
          <Message>Test method LagoVista.StorageProvider.Tests.Cosmos.CosmosDocumentStorageClientContractTests.OwnedLookup_SatisfiesSharedContract threw exception: &#xD;
Microsoft.Azure.Cosmos.CosmosException: Response status code does not indicate success: NotFound (404); Substatus: 0; ActivityId: 5470c00b-ec08-d0af-b805-09a9b8b6b05e; Reason: (Collection 'Entities' not found in database 'cosmos_contract_4aefeee72c514aa8bf6222074b8a7106'&#xD;
ActivityId: 5470c00b-ec08-d0af-b805-09a9b8b6b05e, Microsoft.Azure.Cosmos.Tracing.TraceData.ClientSideRequestStatisticsTraceDatum, Windows/10.0.26200 cosmos-netstandard-sdk/3.41.0);</Message>
          <StackTrace>   at Microsoft.Azure.Cosmos.Common.AsyncCache`2.GetAsync(TKey key, TValue obsoleteValue, Func`1 singleValueInitFunc, CancellationToken cancellationToken, Boolean forceRefresh)&#xD;
   at Microsoft.Azure.Cosmos.Common.CollectionCache.ResolveByNameAsync(String apiVersion, String resourceAddress, Boolean forceRefesh, ITrace trace, IClientSideRequestStatistics clientSideRequestStatistics, CancellationToken cancellationToken)&#xD;
   at Microsoft.Azure.Cosmos.ClientContextCore.GetCachedContainerPropertiesAsync(String containerUri, ITrace trace, CancellationToken cancellationToken)&#xD;
</StackTrace>
        </ErrorInfo>
      </Output>
    </UnitTestResult>
    <UnitTestResult executionId="aa36dc7c-ea77-4196-bf21-7a4445ccf3aa" testId="314891c9-0e64-4f8b-7ad4-ff8b2e4b1495" testName="DatabaseIdentity_MatchesConfiguredDatabase" computerName="BEAST-LAPTOP" duration="00:00:00.4794485" startTime="2026-08-26T20:39:22.3637903-04:00" endTime="2026-08-26T20:39:22.8565936-04:00" testType="13cdc9d9-ddb5-4fa4-a97d-d965ccfc6d4b" outcome="Passed" testListId="8c84fa94-04c1-424b-9868-57a2d4851a1d" relativeResultsDirectory="aa36dc7c-ea77-4196-bf21-7a4445ccf3aa" />
    <UnitTestResult executionId="a5526ca3-860c-4a40-9032-172e8410021b" testId="88e2db60-7cac-7775-158a-5d119af5802e" testName="KnownEntityQueries_SatisfySharedContract" computerName="BEAST-LAPTOP" duration="00:00:00.1612187" startTime="2026-08-26T20:39:24.4360721-04:00" endTime="2026-08-26T20:39:24.5975134-04:00" testType="13cdc9d9-ddb5-4fa4-a97d-d965ccfc6d4b" outcome="Passed" testListId="8c84fa94-04c1-424b-9868-57a2d4851a1d" relativeResultsDirectory="a5526ca3-860c-4a40-9032-172e8410021b" />
    <UnitTestResult executionId="6bddbab5-90f4-4d3e-96e4-84a282c2f921" testId="15373ee2-5d84-56d1-e7c0-0da99a75ce47" testName="RawDocumentAndPage_SatisfySharedContract" computerName="BEAST-LAPTOP" duration="00:00:00.1232511" startTime="2026-08-26T20:39:24.3125328-04:00" endTime="2026-08-26T20:39:24.4359728-04:00" testType="13cdc9d9-ddb5-4fa4-a97d-d965ccfc6d4b" outcome="Failed" testListId="8c84fa94-04c1-424b-9868-57a2d4851a1d" relativeResultsDirectory="6bddbab5-90f4-4d3e-96e4-84a282c2f921">
      <Output>
        <ErrorInfo>
          <Message>Test method LagoVista.StorageProvider.Tests.Cosmos.CosmosDocumentStorageClientContractTests.RawDocumentAndPage_SatisfySharedContract threw exception: &#xD;
System.InvalidOperationException: Raw document upsert failed (400 BadRequest). </Message>
          <StackTrace>   at LagoVista.CloudStorage.StorageProviders.CosmosDocumentStorageClient.UpsertRawDocumentAsync(String entityType, String id, String json, String expectedETag, CancellationToken cancellationToken) in D:\NuvIoT\cs.CloudStorage\src\LagoVista.CloudStorage\Storage\StorageProviders\CosmosDB\CosmosDocumentStorageClient.cs:line 137&#xD;
   at LagoVista.StorageProvider.Tests.DocumentStorage.DocumentStorageClientContract.RawDocumentAndPageAsync(IDocumentStorageClient client) in D:\NuvIoT\cs.CloudStorage\tests\LagoVista.StorageProvider.Tests\DocumentStorage\DocumentStorageClientContract.AdvancedReads.cs:line 79&#xD;
</StackTrace>
        </ErrorInfo>
      </Output>
    </UnitTestResult>
    <UnitTestResult executionId="62d6a0a1-2f35-40b5-81b8-6e8a6a3d932b" testId="7fab10f2-a257-c6cc-dcfb-0924f27e7b58" testName="OptimisticConcurrency_SatisfiesSharedContract" computerName="BEAST-LAPTOP" duration="00:00:00.1600854" startTime="2026-08-26T20:39:23.6117449-04:00" endTime="2026-08-26T20:39:23.7720080-04:00" testType="13cdc9d9-ddb5-4fa4-a97d-d965ccfc6d4b" outcome="Failed" testListId="8c84fa94-04c1-424b-9868-57a2d4851a1d" relativeResultsDirectory="62d6a0a1-2f35-40b5-81b8-6e8a6a3d932b">
      <Output>
        <ErrorInfo>
          <Message>Assert.AreNotEqual failed. Expected any value except:&lt;(null)&gt;. Actual:&lt;(null)&gt;. </Message>
          <StackTrace>   at LagoVista.StorageProvider.Tests.DocumentStorage.DocumentStorageClientContract.OptimisticConcurrencyAsync(IDocumentStorageClient client) in D:\NuvIoT\cs.CloudStorage\tests\LagoVista.StorageProvider.Tests\DocumentStorage\DocumentStorageClientContract.cs:line 118&#xD;
</StackTrace>
        </ErrorInfo>
      </Output>
    </UnitTestResult>
  </Results>
  <TestDefinitions>
    <UnitTest name="Patch_SatisfiesSharedContract" storage="d:\nuviot\cs.cloudstorage\tests\lagovista.storageprovider.tests\bin\debug\net9.0\lagovista.storageprovider.tests.dll" id="d16035e1-5c9a-9107-a8be-43821ace8451">
      <TestCategory>
        <TestCategoryItem TestCategory="Cosmos" />
        <TestCategoryItem TestCategory="CosmosDocumentStorageContract" />
      </TestCategory>
      <Execution id="b7e22730-237f-4396-a99e-7296009bc9ef" />
      <TestMethod codeBase="D:\NuvIoT\cs.CloudStorage\tests\LagoVista.StorageProvider.Tests\bin\Debug\net9.0\LagoVista.StorageProvider.Tests.dll" adapterTypeName="executor://mstestadapter/v2" className="LagoVista.StorageProvider.Tests.Cosmos.CosmosDocumentStorageClientContractTests" name="Patch_SatisfiesSharedContract" />
    </UnitTest>
    <UnitTest name="RawDocumentAndPage_SatisfySharedContract" storage="d:\nuviot\cs.cloudstorage\tests\lagovista.storageprovider.tests\bin\debug\net9.0\lagovista.storageprovider.tests.dll" id="15373ee2-5d84-56d1-e7c0-0da99a75ce47">
      <TestCategory>
        <TestCategoryItem TestCategory="Cosmos" />
        <TestCategoryItem TestCategory="CosmosDocumentStorageContract" />
      </TestCategory>
      <Execution id="6bddbab5-90f4-4d3e-96e4-84a282c2f921" />
      <TestMethod codeBase="D:\NuvIoT\cs.CloudStorage\tests\LagoVista.StorageProvider.Tests\bin\Debug\net9.0\LagoVista.StorageProvider.Tests.dll" adapterTypeName="executor://mstestadapter/v2" className="LagoVista.StorageProvider.Tests.Cosmos.CosmosDocumentStorageClientContractTests" name="RawDocumentAndPage_SatisfySharedContract" />
    </UnitTest>
    <UnitTest name="KnownEntityQueries_SatisfySharedContract" storage="d:\nuviot\cs.cloudstorage\tests\lagovista.storageprovider.tests\bin\debug\net9.0\lagovista.storageprovider.tests.dll" id="88e2db60-7cac-7775-158a-5d119af5802e">
      <TestCategory>
        <TestCategoryItem TestCategory="Cosmos" />
        <TestCategoryItem TestCategory="CosmosDocumentStorageContract" />
      </TestCategory>
      <Execution id="a5526ca3-860c-4a40-9032-172e8410021b" />
      <TestMethod codeBase="D:\NuvIoT\cs.CloudStorage\tests\LagoVista.StorageProvider.Tests\bin\Debug\net9.0\LagoVista.StorageProvider.Tests.dll" adapterTypeName="executor://mstestadapter/v2" className="LagoVista.StorageProvider.Tests.Cosmos.CosmosDocumentStorageClientContractTests" name="KnownEntityQueries_SatisfySharedContract" />
    </UnitTest>
    <UnitTest name="SummaryQuery_SatisfiesSharedContract" storage="d:\nuviot\cs.cloudstorage\tests\lagovista.storageprovider.tests\bin\debug\net9.0\lagovista.storageprovider.tests.dll" id="af00e701-c730-d8b0-7cbb-033293b3e89d">
      <TestCategory>
        <TestCategoryItem TestCategory="Cosmos" />
        <TestCategoryItem TestCategory="CosmosDocumentStorageContract" />
      </TestCategory>
      <Execution id="b4a4b420-2df8-4e33-9b10-4a237f901187" />
      <TestMethod codeBase="D:\NuvIoT\cs.CloudStorage\tests\LagoVista.StorageProvider.Tests\bin\Debug\net9.0\LagoVista.StorageProvider.Tests.dll" adapterTypeName="executor://mstestadapter/v2" className="LagoVista.StorageProvider.Tests.Cosmos.CosmosDocumentStorageClientContractTests" name="SummaryQuery_SatisfiesSharedContract" />
    </UnitTest>
    <UnitTest name="NotFoundSemantics_SatisfySharedContract" storage="d:\nuviot\cs.cloudstorage\tests\lagovista.storageprovider.tests\bin\debug\net9.0\lagovista.storageprovider.tests.dll" id="44cbb03f-f174-37d7-503d-edac1785c50e">
      <TestCategory>
        <TestCategoryItem TestCategory="Cosmos" />
        <TestCategoryItem TestCategory="CosmosDocumentStorageContract" />
      </TestCategory>
      <Execution id="66ea097d-5e59-47cb-972d-c20121610db3" />
      <TestMethod codeBase="D:\NuvIoT\cs.CloudStorage\tests\LagoVista.StorageProvider.Tests\bin\Debug\net9.0\LagoVista.StorageProvider.Tests.dll" adapterTypeName="executor://mstestadapter/v2" className="LagoVista.StorageProvider.Tests.Cosmos.CosmosDocumentStorageClientContractTests" name="NotFoundSemantics_SatisfySharedContract" />
    </UnitTest>
    <UnitTest name="DatabaseIdentity_MatchesConfiguredDatabase" storage="d:\nuviot\cs.cloudstorage\tests\lagovista.storageprovider.tests\bin\debug\net9.0\lagovista.storageprovider.tests.dll" id="314891c9-0e64-4f8b-7ad4-ff8b2e4b1495">
      <TestCategory>
        <TestCategoryItem TestCategory="Cosmos" />
        <TestCategoryItem TestCategory="CosmosDocumentStorageContract" />
      </TestCategory>
      <Execution id="aa36dc7c-ea77-4196-bf21-7a4445ccf3aa" />
      <TestMethod codeBase="D:\NuvIoT\cs.CloudStorage\tests\LagoVista.StorageProvider.Tests\bin\Debug\net9.0\LagoVista.StorageProvider.Tests.dll" adapterTypeName="executor://mstestadapter/v2" className="LagoVista.StorageProvider.Tests.Cosmos.CosmosDocumentStorageClientContractTests" name="DatabaseIdentity_MatchesConfiguredDatabase" />
    </UnitTest>
    <UnitTest name="OwnedLookup_SatisfiesSharedContract" storage="d:\nuviot\cs.cloudstorage\tests\lagovista.storageprovider.tests\bin\debug\net9.0\lagovista.storageprovider.tests.dll" id="4267ca47-dd94-af51-60d9-11419299b467">
      <TestCategory>
        <TestCategoryItem TestCategory="Cosmos" />
        <TestCategoryItem TestCategory="CosmosDocumentStorageContract" />
      </TestCategory>
      <Execution id="b68a3658-2c7c-4451-82cc-7c7b56c14324" />
      <TestMethod codeBase="D:\NuvIoT\cs.CloudStorage\tests\LagoVista.StorageProvider.Tests\bin\Debug\net9.0\LagoVista.StorageProvider.Tests.dll" adapterTypeName="executor://mstestadapter/v2" className="LagoVista.StorageProvider.Tests.Cosmos.CosmosDocumentStorageClientContractTests" name="OwnedLookup_SatisfiesSharedContract" />
    </UnitTest>
    <UnitTest name="QueryAll_SatisfiesSharedContract" storage="d:\nuviot\cs.cloudstorage\tests\lagovista.storageprovider.tests\bin\debug\net9.0\lagovista.storageprovider.tests.dll" id="48357063-55ae-f2c2-e3ed-1db4f5adb3a9">
      <TestCategory>
        <TestCategoryItem TestCategory="Cosmos" />
        <TestCategoryItem TestCategory="CosmosDocumentStorageContract" />
      </TestCategory>
      <Execution id="421f6596-1681-49b3-8b82-666379745aa9" />
      <TestMethod codeBase="D:\NuvIoT\cs.CloudStorage\tests\LagoVista.StorageProvider.Tests\bin\Debug\net9.0\LagoVista.StorageProvider.Tests.dll" adapterTypeName="executor://mstestadapter/v2" className="LagoVista.StorageProvider.Tests.Cosmos.CosmosDocumentStorageClientContractTests" name="QueryAll_SatisfiesSharedContract" />
    </UnitTest>
    <UnitTest name="OptimisticConcurrency_SatisfiesSharedContract" storage="d:\nuviot\cs.cloudstorage\tests\lagovista.storageprovider.tests\bin\debug\net9.0\lagovista.storageprovider.tests.dll" id="7fab10f2-a257-c6cc-dcfb-0924f27e7b58">
      <TestCategory>
        <TestCategoryItem TestCategory="Cosmos" />
        <TestCategoryItem TestCategory="CosmosDocumentStorageContract" />
      </TestCategory>
      <Execution id="62d6a0a1-2f35-40b5-81b8-6e8a6a3d932b" />
      <TestMethod codeBase="D:\NuvIoT\cs.CloudStorage\tests\LagoVista.StorageProvider.Tests\bin\Debug\net9.0\LagoVista.StorageProvider.Tests.dll" adapterTypeName="executor://mstestadapter/v2" className="LagoVista.StorageProvider.Tests.Cosmos.CosmosDocumentStorageClientContractTests" name="OptimisticConcurrency_SatisfiesSharedContract" />
    </UnitTest>
    <UnitTest name="QueryAndPaging_SatisfySharedContract" storage="d:\nuviot\cs.cloudstorage\tests\lagovista.storageprovider.tests\bin\debug\net9.0\lagovista.storageprovider.tests.dll" id="0a650a74-c722-7420-25ae-cccf0cb99f2b">
      <TestCategory>
        <TestCategoryItem TestCategory="Cosmos" />
        <TestCategoryItem TestCategory="CosmosDocumentStorageContract" />
      </TestCategory>
      <Execution id="78c7a612-d7c0-49d8-b544-3b79072a639b" />
      <TestMethod codeBase="D:\NuvIoT\cs.CloudStorage\tests\LagoVista.StorageProvider.Tests\bin\Debug\net9.0\LagoVista.StorageProvider.Tests.dll" adapterTypeName="executor://mstestadapter/v2" className="LagoVista.StorageProvider.Tests.Cosmos.CosmosDocumentStorageClientContractTests" name="QueryAndPaging_SatisfySharedContract" />
    </UnitTest>
    <UnitTest name="ProjectionAndKeyLookup_SatisfySharedContract" storage="d:\nuviot\cs.cloudstorage\tests\lagovista.storageprovider.tests\bin\debug\net9.0\lagovista.storageprovider.tests.dll" id="3b5b9e89-79f4-0f40-6ed2-d2862815b84f">
      <TestCategory>
        <TestCategoryItem TestCategory="Cosmos" />
        <TestCategoryItem TestCategory="CosmosDocumentStorageContract" />
      </TestCategory>
      <Execution id="398150c7-b218-4fbb-ae40-14561150e8fb" />
      <TestMethod codeBase="D:\NuvIoT\cs.CloudStorage\tests\LagoVista.StorageProvider.Tests\bin\Debug\net9.0\LagoVista.StorageProvider.Tests.dll" adapterTypeName="executor://mstestadapter/v2" className="LagoVista.StorageProvider.Tests.Cosmos.CosmosDocumentStorageClientContractTests" name="ProjectionAndKeyLookup_SatisfySharedContract" />
    </UnitTest>
    <UnitTest name="CrudLifecycle_SatisfiesSharedContract" storage="d:\nuviot\cs.cloudstorage\tests\lagovista.storageprovider.tests\bin\debug\net9.0\lagovista.storageprovider.tests.dll" id="7b1be78d-10f3-d34b-80e1-93e5498d5103">
      <TestCategory>
        <TestCategoryItem TestCategory="Cosmos" />
        <TestCategoryItem TestCategory="CosmosDocumentStorageContract" />
      </TestCategory>
      <Execution id="f60df98d-b8ff-417f-a49d-0b64c748fc9c" />
      <TestMethod codeBase="D:\NuvIoT\cs.CloudStorage\tests\LagoVista.StorageProvider.Tests\bin\Debug\net9.0\LagoVista.StorageProvider.Tests.dll" adapterTypeName="executor://mstestadapter/v2" className="LagoVista.StorageProvider.Tests.Cosmos.CosmosDocumentStorageClientContractTests" name="CrudLifecycle_SatisfiesSharedContract" />
    </UnitTest>
  </TestDefinitions>
  <TestEntries>
    <TestEntry testId="af00e701-c730-d8b0-7cbb-033293b3e89d" executionId="b4a4b420-2df8-4e33-9b10-4a237f901187" testListId="8c84fa94-04c1-424b-9868-57a2d4851a1d" />
    <TestEntry testId="3b5b9e89-79f4-0f40-6ed2-d2862815b84f" executionId="398150c7-b218-4fbb-ae40-14561150e8fb" testListId="8c84fa94-04c1-424b-9868-57a2d4851a1d" />
    <TestEntry testId="d16035e1-5c9a-9107-a8be-43821ace8451" executionId="b7e22730-237f-4396-a99e-7296009bc9ef" testListId="8c84fa94-04c1-424b-9868-57a2d4851a1d" />
    <TestEntry testId="0a650a74-c722-7420-25ae-cccf0cb99f2b" executionId="78c7a612-d7c0-49d8-b544-3b79072a639b" testListId="8c84fa94-04c1-424b-9868-57a2d4851a1d" />
    <TestEntry testId="7b1be78d-10f3-d34b-80e1-93e5498d5103" executionId="f60df98d-b8ff-417f-a49d-0b64c748fc9c" testListId="8c84fa94-04c1-424b-9868-57a2d4851a1d" />
    <TestEntry testId="44cbb03f-f174-37d7-503d-edac1785c50e" executionId="66ea097d-5e59-47cb-972d-c20121610db3" testListId="8c84fa94-04c1-424b-9868-57a2d4851a1d" />
    <TestEntry testId="48357063-55ae-f2c2-e3ed-1db4f5adb3a9" executionId="421f6596-1681-49b3-8b82-666379745aa9" testListId="8c84fa94-04c1-424b-9868-57a2d4851a1d" />
    <TestEntry testId="4267ca47-dd94-af51-60d9-11419299b467" executionId="b68a3658-2c7c-4451-82cc-7c7b56c14324" testListId="8c84fa94-04c1-424b-9868-57a2d4851a1d" />
    <TestEntry testId="314891c9-0e64-4f8b-7ad4-ff8b2e4b1495" executionId="aa36dc7c-ea77-4196-bf21-7a4445ccf3aa" testListId="8c84fa94-04c1-424b-9868-57a2d4851a1d" />
    <TestEntry testId="88e2db60-7cac-7775-158a-5d119af5802e" executionId="a5526ca3-860c-4a40-9032-172e8410021b" testListId="8c84fa94-04c1-424b-9868-57a2d4851a1d" />
    <TestEntry testId="15373ee2-5d84-56d1-e7c0-0da99a75ce47" executionId="6bddbab5-90f4-4d3e-96e4-84a282c2f921" testListId="8c84fa94-04c1-424b-9868-57a2d4851a1d" />
    <TestEntry testId="7fab10f2-a257-c6cc-dcfb-0924f27e7b58" executionId="62d6a0a1-2f35-40b5-81b8-6e8a6a3d932b" testListId="8c84fa94-04c1-424b-9868-57a2d4851a1d" />
  </TestEntries>
  <TestLists>
    <TestList name="Results Not in a List" id="8c84fa94-04c1-424b-9868-57a2d4851a1d" />
    <TestList name="All Loaded Results" id="19431567-8539-422a-85d7-44ee4e166bda" />
  </TestLists>
  <ResultSummary outcome="Failed">
    <Counters total="12" executed="12" passed="6" failed="6" error="0" timeout="0" aborted="0" inconclusive="0" passedButRunAborted="0" notRunnable="0" notExecuted="0" disconnected="0" warning="0" completed="0" inProgress="0" pending="0" />
    <Output>
      <StdOut>NUnit Adapter 5.1.0.0: Test execution started&#xD;
Running selected tests in D:\NuvIoT\cs.CloudStorage\tests\LagoVista.StorageProvider.Tests\bin\Debug\net9.0\LagoVista.StorageProvider.Tests.dll&#xD;
   NUnit3TestExecutor discovered 0 of 0 NUnit test cases using Current Discovery mode, Explicit run&#xD;
NUnit Adapter 5.1.0.0: Test execution complete&#xD;
</StdOut>
    </Output>
  </ResultSummary>
</TestRun>